<?xml version="1.0" encoding="UTF-8" standalone="no"?>
<!-- Created with cfunge (https://github.com/VorpalBlade/cfunge) -->
<!DOCTYPE svg PUBLIC "-//W3C//DTD SVG 1.1//EN" "http://www.w3.org/Graphics/SVG/1.1/DTD/svg11.dtd">
<svg xmlns="http://www.w3.org/2000/svg" baseProfile="full" version="1.1" viewBox="-1 -1 3 3"><defs><style type="text/css">path{fill:none;stroke-width:0.5px;stroke-linecap:round;stroke-linejoin:round}</style></defs><rect height="3" style="fill:#000001;stroke:none" width="3" x="-1" y="-1"></rect><circle cx="0" cy="0" fill="#000001" r="0.25"></circle><circle cx="1" cy="1" fill="#000001" r="0.25"></circle></svg>