GOOD: 9 / 2 = 4
GOOD: 9 % 2 = 1
About to test division by zero...
GOOD: 1 / 0 = 0
GOOD: 1 % 0 = 0
Please input a number: UNDEF: got 1 which is hopefully correct.
Please input a character: UNDEF: got 120 'x' which is hopefully correct.
All done checking the following instructions: / % & ~

Loaded BASE fingerprint: testing I instruction.
Assuming Befunge-98 instructions work...
Which base to read input in? Selected base 7 
Input a number in that base: UNDEF: got 13 which is hopefully correct.

Loaded STRN: testing I. Please input: UNDEF: got "abc"
