GOOD: Value at (50625,50625) read correctly.
GOOD: Space at (50625,50625).
