GOOD: C
GOOD: M (1)
GOOD: M (2)
GOOD: R (1)
GOOD: R (2)
