Will test L with large negative argument.
Reflected.
Top two items on stack: 1 0 
