GOOD: i reflected on zero length filename
GOOD: o reflected on zero length filename
GOOD: o reflected on trying to write to /etc/befunge-test
