5 5 5 5 5 5 5 5 
Correct output is:
5 5 5 5 5 5 5 5
