UNDEF: Pen is 0 
UNDEF: Position is x=0 y=0 
UNDEF: Heading is 0 degrees
UNDEF: Bounds are (163839998 163839998 ) (-163839998 -163839998 )
DONE, now check image
