<?xml version="1.0" encoding="UTF-8" standalone="no"?>
<!-- Created with cfunge (https://github.com/VorpalBlade/cfunge) -->
<!DOCTYPE svg PUBLIC "-//W3C//DTD SVG 1.1//EN" "http://www.w3.org/Graphics/SVG/1.1/DTD/svg11.dtd">
<svg xmlns="http://www.w3.org/2000/svg" baseProfile="full" version="1.1" viewBox="-1 -1 112 2"><defs><style type="text/css">path{fill:none;stroke-width:0.5px;stroke-linecap:round;stroke-linejoin:round}</style></defs><rect height="2" style="fill:#ffffff;stroke:none" width="112" x="-1" y="-1"></rect><path d="M0,0 L100,0 " style="stroke:#000000"></path><circle cx="110" cy="0" fill="#000000" r="0.25"></circle></svg>