GOOD: >
GOOD: <
GOOD: v
GOOD: ^
GOOD: Flying worked
